main.c:71:6:InitializeIO	8	static
main.c:91:6:command_unknown	16	static
main.c:98:6:send_OK	16	static
main.c:106:6:command_cell_on	8	static
main.c:112:6:command_cell_off	8	static
main.c:118:6:command_mode_potentiostatic	8	static
main.c:124:6:command_mode_galvanostatic	8	static
main.c:130:6:command_range1	8	static
main.c:140:6:command_range2	8	static
main.c:150:6:command_range3	8	static
main.c:160:6:command_range4	8	static
main.c:170:6:command_set_dac	16	static
main.c:176:6:command_calibrate_dac	16	static
main.c:187:6:command_read_adc	24	static
main.c:203:6:command_read_offset	8	static
main.c:210:6:command_save_offset	16	static
main.c:216:6:command_read_shuntcalibration	8	static
main.c:223:6:command_save_shuntcalibration	16	static
main.c:229:6:command_read_dac_cal	8	static
main.c:236:6:command_set_dac_cal	16	static
main.c:244:6:interpret_command	8	static
main.c:289:5:main	8	static
main.c:351:6:SystemClock_Config	112	static
main.c:393:13:MX_TIM1_Init	32	static
main.c:439:13:MX_GPIO_Init	48	static
main.c:490:6:Error_Handler	8	static
