main.c:68:6:InitializeIO	8	static
main.c:88:6:command_unknown	16	static
main.c:95:6:send_OK	16	static
main.c:103:6:command_cell_on	8	static
main.c:109:6:command_cell_off	8	static
main.c:115:6:command_mode_potentiostatic	8	static
main.c:121:6:command_mode_galvanostatic	8	static
main.c:127:6:command_range1	8	static
main.c:137:6:command_range2	8	static
main.c:147:6:command_range3	8	static
main.c:157:6:command_range4	8	static
main.c:167:6:command_set_dac	16	static
main.c:173:6:command_calibrate_dac	16	static
main.c:184:6:command_read_adc	24	static
main.c:200:6:command_read_offset	8	static
main.c:207:6:command_save_offset	16	static
main.c:213:6:command_read_shuntcalibration	8	static
main.c:220:6:command_save_shuntcalibration	16	static
main.c:226:6:command_read_dac_cal	8	static
main.c:233:6:command_set_dac_cal	16	static
main.c:241:6:interpret_command	8	static
main.c:287:5:main	8	static
main.c:334:6:SystemClock_Config	112	static
main.c:380:13:MX_TIM1_Init	32	static
main.c:426:13:MX_GPIO_Init	48	static
main.c:477:6:Error_Handler	8	static
