main.c:68:6:InitializeIO	8	static
main.c:87:6:command_unknown	16	static
main.c:94:6:send_OK	16	static
main.c:102:6:command_cell_on	8	static
main.c:108:6:command_cell_off	8	static
main.c:114:6:command_mode_potentiostatic	8	static
main.c:120:6:command_mode_galvanostatic	8	static
main.c:126:6:command_range1	8	static
main.c:136:6:command_range2	8	static
main.c:146:6:command_range3	8	static
main.c:156:6:command_range4	8	static
main.c:166:6:command_set_dac	16	static
main.c:172:6:command_calibrate_dac	16	static
main.c:183:6:command_read_adc	24	static
main.c:199:6:command_read_offset	8	static
main.c:206:6:command_save_offset	16	static
main.c:212:6:command_read_shuntcalibration	8	static
main.c:219:6:command_save_shuntcalibration	16	static
main.c:225:6:command_read_dac_cal	8	static
main.c:232:6:command_set_dac_cal	16	static
main.c:240:6:interpret_command	8	static
main.c:286:5:main	8	static
main.c:333:6:SystemClock_Config	112	static
main.c:379:13:MX_TIM1_Init	32	static
main.c:425:13:MX_GPIO_Init	48	static
main.c:476:6:Error_Handler	8	static
