spi_software.c:4:6:InitializeSPI	8	static
spi_software.c:20:9:MCP3550_Read	24	static
spi_software.c:43:6:DAC1220_Reset	8	static
spi_software.c:63:6:DAC1220_Write2Bytes	24	static
spi_software.c:76:6:DAC1220_Write3Bytes	24	static
spi_software.c:90:6:DAC1220_Read2Bytes	32	static
spi_software.c:104:6:DAC1220_Read3Bytes	32	static
spi_software.c:119:6:DAC1220_Init	8	static
spi_software.c:125:6:DAC1220_SelfCal	8	static
spi_software.c:130:6:Read2BytesSPI	24	static
spi_software.c:149:9:ReadByteSPI	16	static
spi_software.c:164:6:WriteByteSPI	24	static
spi_software.c:175:6:ClockPulse	8	static
spi_software.c:184:6:SPIDelay	8	static
