Archive member included to satisfy reference by file (symbol)

c:/st/stm32cubeide_1.5.0/stm32cubeide/plugins/com.st.stm32cube.ide.mcu.externaltools.gnu-tools-for-stm32.7-2018-q2-update.win32_1.5.0.202011040924/tools/bin/../lib/gcc/arm-none-eabi/7.3.1/../../../../arm-none-eabi/lib/thumb/v6-m\libc_nano.a(lib_a-exit.o)
                              c:/st/stm32cubeide_1.5.0/stm32cubeide/plugins/com.st.stm32cube.ide.mcu.externaltools.gnu-tools-for-stm32.7-2018-q2-update.win32_1.5.0.202011040924/tools/bin/../lib/gcc/arm-none-eabi/7.3.1/../../../../arm-none-eabi/lib/thumb/v6-m/crt0.o (exit)
c:/st/stm32cubeide_1.5.0/stm32cubeide/plugins/com.st.stm32cube.ide.mcu.externaltools.gnu-tools-for-stm32.7-2018-q2-update.win32_1.5.0.202011040924/tools/bin/../lib/gcc/arm-none-eabi/7.3.1/../../../../arm-none-eabi/lib/thumb/v6-m\libc_nano.a(lib_a-impure.o)
                              c:/st/stm32cubeide_1.5.0/stm32cubeide/plugins/com.st.stm32cube.ide.mcu.externaltools.gnu-tools-for-stm32.7-2018-q2-update.win32_1.5.0.202011040924/tools/bin/../lib/gcc/arm-none-eabi/7.3.1/../../../../arm-none-eabi/lib/thumb/v6-m\libc_nano.a(lib_a-exit.o) (_global_impure_ptr)
c:/st/stm32cubeide_1.5.0/stm32cubeide/plugins/com.st.stm32cube.ide.mcu.externaltools.gnu-tools-for-stm32.7-2018-q2-update.win32_1.5.0.202011040924/tools/bin/../lib/gcc/arm-none-eabi/7.3.1/../../../../arm-none-eabi/lib/thumb/v6-m\libc_nano.a(lib_a-init.o)
                              c:/st/stm32cubeide_1.5.0/stm32cubeide/plugins/com.st.stm32cube.ide.mcu.externaltools.gnu-tools-for-stm32.7-2018-q2-update.win32_1.5.0.202011040924/tools/bin/../lib/gcc/arm-none-eabi/7.3.1/../../../../arm-none-eabi/lib/thumb/v6-m/crt0.o (__libc_init_array)
c:/st/stm32cubeide_1.5.0/stm32cubeide/plugins/com.st.stm32cube.ide.mcu.externaltools.gnu-tools-for-stm32.7-2018-q2-update.win32_1.5.0.202011040924/tools/bin/../lib/gcc/arm-none-eabi/7.3.1/../../../../arm-none-eabi/lib/thumb/v6-m\libc_nano.a(lib_a-memcpy-stub.o)
                              Core/Src/HEFlash.o (memcpy)
c:/st/stm32cubeide_1.5.0/stm32cubeide/plugins/com.st.stm32cube.ide.mcu.externaltools.gnu-tools-for-stm32.7-2018-q2-update.win32_1.5.0.202011040924/tools/bin/../lib/gcc/arm-none-eabi/7.3.1/../../../../arm-none-eabi/lib/thumb/v6-m\libc_nano.a(lib_a-memset.o)
                              c:/st/stm32cubeide_1.5.0/stm32cubeide/plugins/com.st.stm32cube.ide.mcu.externaltools.gnu-tools-for-stm32.7-2018-q2-update.win32_1.5.0.202011040924/tools/bin/../lib/gcc/arm-none-eabi/7.3.1/../../../../arm-none-eabi/lib/thumb/v6-m/crt0.o (memset)
c:/st/stm32cubeide_1.5.0/stm32cubeide/plugins/com.st.stm32cube.ide.mcu.externaltools.gnu-tools-for-stm32.7-2018-q2-update.win32_1.5.0.202011040924/tools/bin/../lib/gcc/arm-none-eabi/7.3.1/../../../../arm-none-eabi/lib/thumb/v6-m\libc_nano.a(lib_a-strcpy.o)
                              Core/Src/main.o (strcpy)
c:/st/stm32cubeide_1.5.0/stm32cubeide/plugins/com.st.stm32cube.ide.mcu.externaltools.gnu-tools-for-stm32.7-2018-q2-update.win32_1.5.0.202011040924/tools/bin/../lib/gcc/arm-none-eabi/7.3.1/../../../../arm-none-eabi/lib/thumb/v6-m\libc_nano.a(lib_a-strlen.o)
                              Core/Src/main.o (strlen)
c:/st/stm32cubeide_1.5.0/stm32cubeide/plugins/com.st.stm32cube.ide.mcu.externaltools.gnu-tools-for-stm32.7-2018-q2-update.win32_1.5.0.202011040924/tools/bin/../lib/gcc/arm-none-eabi/7.3.1/../../../../arm-none-eabi/lib/thumb/v6-m\libc_nano.a(lib_a-strncmp.o)
                              Core/Src/main.o (strncmp)
c:/st/stm32cubeide_1.5.0/stm32cubeide/plugins/com.st.stm32cube.ide.mcu.externaltools.gnu-tools-for-stm32.7-2018-q2-update.win32_1.5.0.202011040924/tools/bin/../lib/gcc/arm-none-eabi/7.3.1/thumb/v6-m\libgcc.a(_udivsi3.o)
                              Core/Src/system_stm32f0xx.o (__aeabi_uidiv)
c:/st/stm32cubeide_1.5.0/stm32cubeide/plugins/com.st.stm32cube.ide.mcu.externaltools.gnu-tools-for-stm32.7-2018-q2-update.win32_1.5.0.202011040924/tools/bin/../lib/gcc/arm-none-eabi/7.3.1/thumb/v6-m\libgcc.a(_dvmd_tls.o)
                              c:/st/stm32cubeide_1.5.0/stm32cubeide/plugins/com.st.stm32cube.ide.mcu.externaltools.gnu-tools-for-stm32.7-2018-q2-update.win32_1.5.0.202011040924/tools/bin/../lib/gcc/arm-none-eabi/7.3.1/thumb/v6-m\libgcc.a(_udivsi3.o) (__aeabi_idiv0)
c:/st/stm32cubeide_1.5.0/stm32cubeide/plugins/com.st.stm32cube.ide.mcu.externaltools.gnu-tools-for-stm32.7-2018-q2-update.win32_1.5.0.202011040924/tools/bin/../lib/gcc/arm-none-eabi/7.3.1/../../../../arm-none-eabi/lib/thumb/v6-m\libnosys.a(_exit.o)
                              c:/st/stm32cubeide_1.5.0/stm32cubeide/plugins/com.st.stm32cube.ide.mcu.externaltools.gnu-tools-for-stm32.7-2018-q2-update.win32_1.5.0.202011040924/tools/bin/../lib/gcc/arm-none-eabi/7.3.1/../../../../arm-none-eabi/lib/thumb/v6-m\libc_nano.a(lib_a-exit.o) (_exit)

Allocating common symbols
Common symbol       size              file

uwTick              0x4               Drivers/STM32F0xx_HAL_Driver/Src/stm32f0xx_hal.o
[...]
Memory Configuration

Name             Origin             Length             Attributes
RAM              0x0000000020000000 0x0000000000004000 xrw
FLASH            0x0000000008000000 0x0000000000010000 xr
*default*        0x0000000000000000 0xffffffffffffffff

Linker script and memory map

LOAD c:/st/stm32cubeide_1.5.0/stm32cubeide/plugins/com.st.stm32cube.ide.mcu.externaltools.gnu-tools-for-stm32.7-2018-q2-update.win32_1.5.0.202011040924/tools/bin/../lib/gcc/arm-none-eabi/7.3.1/thumb/v6-m/crti.o
LOAD c:/st/stm32cubeide_1.5.0/stm32cubeide/plugins/com.st.stm32cube.ide.mcu.externaltools.gnu-tools-for-stm32.7-2018-q2-update.win32_1.5.0.202011040924/tools/bin/../lib/gcc/arm-none-eabi/7.3.1/thumb/v6-m/crtbegin.o
LOAD c:/st/stm32cubeide_1.5.0/stm32cubeide/plugins/com.st.stm32cube.ide.mcu.externaltools.gnu-tools-for-stm32.7-2018-q2-update.win32_1.5.0.202011040924/tools/bin/../lib/gcc/arm-none-eabi/7.3.1/../../../../arm-none-eabi/lib/thumb/v6-m/crt0.o
LOAD Core/Src/HEFlash.o
LOAD Core/Src/gpio_user.o
LOAD Core/Src/main.o
LOAD Core/Src/spi_software.o
LOAD Core/Src/stm32f0xx_hal_msp.o
LOAD Core/Src/stm32f0xx_it.o
LOAD Core/Src/system_stm32f0xx.o
LOAD Core/Startup/startup_stm32f072c8tx.o
LOAD Drivers/STM32F0xx_HAL_Driver/Src/stm32f0xx_hal.o
LOAD Drivers/STM32F0xx_HAL_Driver/Src/stm32f0xx_hal_cortex.o
LOAD Drivers/STM32F0xx_HAL_Driver/Src/stm32f0xx_hal_dma.o
LOAD Drivers/STM32F0xx_HAL_Driver/Src/stm32f0xx_hal_exti.o
LOAD Drivers/STM32F0xx_HAL_Driver/Src/stm32f0xx_hal_flash.o
LOAD Drivers/STM32F0xx_HAL_Driver/Src/stm32f0xx_hal_flash_ex.o
LOAD Drivers/STM32F0xx_HAL_Driver/Src/stm32f0xx_hal_gpio.o
LOAD Drivers/STM32F0xx_HAL_Driver/Src/stm32f0xx_hal_i2c.o
LOAD Drivers/STM32F0xx_HAL_Driver/Src/stm32f0xx_hal_i2c_ex.o
LOAD Drivers/STM32F0xx_HAL_Driver/Src/stm32f0xx_hal_pcd.o
LOAD Drivers/STM32F0xx_HAL_Driver/Src/stm32f0xx_hal_pcd_ex.o
LOAD Drivers/STM32F0xx_HAL_Driver/Src/stm32f0xx_hal_pwr.o
LOAD Drivers/STM32F0xx_HAL_Driver/Src/stm32f0xx_hal_pwr_ex.o
LOAD Drivers/STM32F0xx_HAL_Driver/Src/stm32f0xx_hal_rcc.o
LOAD Drivers/STM32F0xx_HAL_Driver/Src/stm32f0xx_hal_rcc_ex.o
LOAD Drivers/STM32F0xx_HAL_Driver/Src/stm32f0xx_hal_tim.o
LOAD Drivers/STM32F0xx_HAL_Driver/Src/stm32f0xx_hal_tim_ex.o
LOAD Drivers/STM32F0xx_HAL_Driver/Src/stm32f0xx_ll_usb.o
LOAD Middlewares/ST/STM32_USB_Device_Library/Class/CDC/Src/usbd_cdc.o
LOAD Middlewares/ST/STM32_USB_Device_Library/Core/Src/usbd_core.o
LOAD Middlewares/ST/STM32_USB_Device_Library/Core/Src/usbd_ctlreq.o
LOAD Middlewares/ST/STM32_USB_Device_Library/Core/Src/usbd_ioreq.o
START GROUP
LOAD c:/st/stm32cubeide_1.5.0/stm32cubeide/plugins/com.st.stm32cube.ide.mcu.externaltools.gnu-tools-for-stm32.7-2018-q2-update.win32_1.5.0.202011040924/tools/bin/../lib/gcc/arm-none-eabi/7.3.1/../../../../arm-none-eabi/lib/thumb/v6-m\libc_nano.a
LOAD c:/st/stm32cubeide_1.5.0/stm32cubeide/plugins/com.st.stm32cube.ide.mcu.externaltools.gnu-tools-for-stm32.7-2018-q2-update.win32_1.5.0.202011040924/tools/bin/../lib/gcc/arm-none-eabi/7.3.1/../../../../arm-none-eabi/lib/thumb/v6-m\libm.a
END GROUP
START GROUP
LOAD c:/st/stm32cubeide_1.5.0/stm32cubeide/plugins/com.st.stm32cube.ide.mcu.externaltools.gnu-tools-for-stm32.7-2018-q2-update.win32_1.5.0.202011040924/tools/bin/../lib/gcc/arm-none-eabi/7.3.1/thumb/v6-m\libgcc.a
LOAD c:/st/stm32cubeide_1.5.0/stm32cubeide/plugins/com.st.stm32cube.ide.mcu.externaltools.gnu-tools-for-stm32.7-2018-q2-update.win32_1.5.0.202011040924/tools/bin/../lib/gcc/arm-none-eabi/7.3.1/../../../../arm-none-eabi/lib/thumb/v6-m\libc_nano.a
END GROUP
START GROUP
LOAD c:/st/stm32cubeide_1.5.0/stm32cubeide/plugins/com.st.stm32cube.ide.mcu.externaltools.gnu-tools-for-stm32.7-2018-q2-update.win32_1.5.0.202011040924/tools/bin/../lib/gcc/arm-none-eabi/7.3.1/thumb/v6-m\libgcc.a
LOAD c:/st/stm32cubeide_1.5.0/stm32cubeide/plugins/com.st.stm32cube.ide.mcu.externaltools.gnu-tools-for-stm32.7-2018-q2-update.win32_1.5.0.202011040924/tools/bin/../lib/gcc/arm-none-eabi/7.3.1/../../../../arm-none-eabi/lib/thumb/v6-m\libc_nano.a
LOAD c:/st/stm32cubeide_1.5.0/stm32cubeide/plugins/com.st.stm32cube.ide.mcu.externaltools.gnu-tools-for-stm32.7-2018-q2-update.win32_1.5.0.202011040924/tools/bin/../lib/gcc/arm-none-eabi/7.3.1/../../../../arm-none-eabi/lib/thumb/v6-m\libnosys.a
END GROUP
START GROUP
LOAD c:/st/stm32cubeide_1.5.0/stm32cubeide/plugins/com.st.stm32cube.ide.mcu.externaltools.gnu-tools-for-stm32.7-2018-q2-update.win32_1.5.0.202011040924/tools/bin/../lib/gcc/arm-none-eabi/7.3.1/thumb/v6-m\libgcc.a
LOAD c:/st/stm32cubeide_1.5.0/stm32cubeide/plugins/com.st.stm32cube.ide.mcu.externaltools.gnu-tools-for-stm32.7-2018-q2-update.win32_1.5.0.202011040924/tools/bin/../lib/gcc/arm-none-eabi/7.3.1/../../../../arm-none-eabi/lib/thumb/v6-m\libc_nano.a
LOAD c:/st/stm32cubeide_1.5.0/stm32cubeide/plugins/com.st.stm32cube.ide.mcu.externaltools.gnu-tools-for-stm32.7-2018-q2-update.win32_1.5.0.202011040924/tools/bin/../lib/gcc/arm-none-eabi/7.3.1/../../../../arm-none-eabi/lib/thumb/v6-m\libnosys.a
END GROUP
LOAD c:/st/stm32cubeide_1.5.0/stm32cubeide/plugins/com.st.stm32cube.ide.mcu.externaltools.gnu-tools-for-stm32.7-2018-q2-update.win32_1.5.0.202011040924/tools/bin/../lib/gcc/arm-none-eabi/7.3.1/thumb/v6-m/crtend.o
LOAD c:/st/stm32cubeide_1.5.0/stm32cubeide/plugins/com.st.stm32cube.ide.mcu.externaltools.gnu-tools-for-stm32.7-2018-q2-update.win32_1.5.0.202011040924/tools/bin/../lib/gcc/arm-none-eabi/7.3.1/thumb/v6-m/crtn.o
                0x0000000020004000                _estack = (ORIGIN (RAM) + LENGTH (RAM))
                0x0000000000000200                _Min_Heap_Size = 0x200
                0x0000000000000400                _Min_Stack_Size = 0x400

.isr_vector     0x0000000008000000       0xc0
                0x0000000008000000                . = ALIGN (0x4)
 *(.isr_vector)
 .isr_vector    0x0000000008000000       0xc0 Core/Startup/startup_stm32f072c8tx.o
                0x0000000008000000                g_pfnVectors
                0x00000000080000c0                . = ALIGN (0x4)

.text           0x00000000080000c0     0x21e8
                0x00000000080000c0                . = ALIGN (0x4)
 *(.text)
 .text          0x00000000080000c0       0x48 c:/st/stm32cubeide_1.5.0/stm32cubeide/plugins/com.st.stm32cube.ide.mcu.externaltools.gnu-tools-for-stm32.7-2018-q2-update.win32_1.5.0.202011040924/tools/bin/../lib/gcc/arm-none-eabi/7.3.1/thumb/v6-m/crtbegin.o
 .text          0x0000000008000108      0x114 c:/st/stm32cubeide_1.5.0/stm32cubeide/plugins/com.st.stm32cube.ide.mcu.externaltools.gnu-tools-for-stm32.7-2018-q2-update.win32_1.5.0.202011040924/tools/bin/../lib/gcc/arm-none-eabi/7.3.1/thumb/v6-m\libgcc.a(_udivsi3.o)
                0x0000000008000108                __aeabi_uidiv
                0x0000000008000108                __udivsi3
                0x0000000008000214                __aeabi_uidivmod
 .text          0x000000000800021c        0x4 c:/st/stm32cubeide_1.5.0/stm32cubeide/plugins/com.st.stm32cube.ide.mcu.externaltools.gnu-tools-for-stm32.7-2018-q2-update.win32_1.5.0.202011040924/tools/bin/../lib/gcc/arm-none-eabi/7.3.1/thumb/v6-m\libgcc.a(_dvmd_tls.o)
                0x000000000800021c                __aeabi_idiv0
                0x000000000800021c                __aeabi_ldiv0
 *(.text*)
 .text.HEFLASH_readBlock
                0x0000000008000220       0xb0 Core/Src/HEFlash.o
                0x0000000008000220                HEFLASH_readBlock
 .text.InitIoPinOutput
                0x00000000080002d0       0x4e Core/Src/gpio_user.o
                0x00000000080002d0                InitIoPinOutput
 .text.InitIoPinInput
                0x000000000800031e       0x46 Core/Src/gpio_user.o
                0x000000000800031e                InitIoPinInput
 .text.InitializeIO
                0x0000000008000364       0xa8 Core/Src/main.o
                0x0000000008000364                InitializeIO
 .text.main     0x000000000800040c       0x20 Core/Src/main.o
                0x000000000800040c                main
 .text.SystemClock_Config
                0x000000000800042c       0xc4 Core/Src/main.o
                0x000000000800042c                SystemClock_Config
 .text.MX_TIM1_Init
                0x00000000080004f0       0xb0 Core/Src/main.o
 .text.MX_GPIO_Init
                0x00000000080005a0      0x114 Core/Src/main.o
 .text.Error_Handler
                0x00000000080006b4        0xa Core/Src/main.o
                0x00000000080006b4                Error_Handler
 .text.InitializeSPI
                0x00000000080006be       0x7c Core/Src/spi_software.o
                0x00000000080006be                InitializeSPI
 *fill*         0x000000000800073a        0x2 
 .text.DAC1220_Reset
                0x000000000800073c       0xb0 Core/Src/spi_software.o
                0x000000000800073c                DAC1220_Reset
 .text.DAC1220_Write2Bytes
                0x00000000080007ec       0x84 Core/Src/spi_software.o
                0x00000000080007ec                DAC1220_Write2Bytes
 .text.DAC1220_Write3Bytes
                0x0000000008000870       0x96 Core/Src/spi_software.o
                0x0000000008000870                DAC1220_Write3Bytes
 .text.DAC1220_Init
                0x0000000008000906       0x20 Core/Src/spi_software.o
                0x0000000008000906                DAC1220_Init
 .text.WriteByteSPI
                0x0000000008000926       0x52 Core/Src/spi_software.o
                0x0000000008000926                WriteByteSPI
 .text.ClockPulse
                0x0000000008000978       0x2e Core/Src/spi_software.o
                0x0000000008000978                ClockPulse
 .text.SPIDelay
                0x00000000080009a6       0x10 Core/Src/spi_software.o
                0x00000000080009a6                SPIDelay
 *fill*         0x00000000080009b6        0x2 
 .text.delay_ns
                0x00000000080009b8       0x30 Core/Src/spi_software.o
                0x00000000080009b8                delay_ns
 .text.HAL_MspInit
                0x00000000080009e8       0x48 Core/Src/stm32f0xx_hal_msp.o
                0x00000000080009e8                HAL_MspInit
 .text.HAL_TIM_Base_MspInit
                0x0000000008000a30       0x40 Core/Src/stm32f0xx_hal_msp.o
                0x0000000008000a30                HAL_TIM_Base_MspInit
 .text.NMI_Handler
                0x0000000008000a70        0xa Core/Src/stm32f0xx_it.o
                0x0000000008000a70                NMI_Handler
 .text.HardFault_Handler
                0x0000000008000a7a        0x6 Core/Src/stm32f0xx_it.o
                0x0000000008000a7a                HardFault_Handler
 .text.SVC_Handler
                0x0000000008000a80        0xa Core/Src/stm32f0xx_it.o
                0x0000000008000a80                SVC_Handler
 .text.PendSV_Handler
                0x0000000008000a8a        0xa Core/Src/stm32f0xx_it.o
                0x0000000008000a8a                PendSV_Handler
 .text.SysTick_Handler
                0x0000000008000a94        0xe Core/Src/stm32f0xx_it.o
                0x0000000008000a94                SysTick_Handler
 .text.USB_IRQHandler
                0x0000000008000aa2        0xa Core/Src/stm32f0xx_it.o
                0x0000000008000aa2                USB_IRQHandler
 .text.SystemInit
                0x0000000008000aac        0xa Core/Src/system_stm32f0xx.o
                0x0000000008000aac                SystemInit
 *fill*         0x0000000008000ab6        0x2 
 .text.Reset_Handler
                0x0000000008000ab8       0x50 Core/Startup/startup_stm32f072c8tx.o
                0x0000000008000ab8                Reset_Handler
 .text.Default_Handler
                0x0000000008000b08        0x2 Core/Startup/startup_stm32f072c8tx.o
                0x0000000008000b08                TIM1_CC_IRQHandler
                0x0000000008000b08                TSC_IRQHandler
                0x0000000008000b08                ADC1_COMP_IRQHandler
                0x0000000008000b08                I2C1_IRQHandler
                0x0000000008000b08                RCC_CRS_IRQHandler
                0x0000000008000b08                SPI1_IRQHandler
                0x0000000008000b08                TIM6_DAC_IRQHandler
                0x0000000008000b08                USART3_4_IRQHandler
                0x0000000008000b08                EXTI2_3_IRQHandler
                0x0000000008000b08                I2C2_IRQHandler
                0x0000000008000b08                TIM17_IRQHandler
                0x0000000008000b08                CEC_CAN_IRQHandler
                0x0000000008000b08                RTC_IRQHandler
                0x0000000008000b08                PVD_VDDIO2_IRQHandler
                0x0000000008000b08                DMA1_Channel4_5_6_7_IRQHandler
                0x0000000008000b08                TIM16_IRQHandler
                0x0000000008000b08                TIM3_IRQHandler
                0x0000000008000b08                EXTI4_15_IRQHandler
                0x0000000008000b08                DMA1_Channel1_IRQHandler
                0x0000000008000b08                Default_Handler
                0x0000000008000b08                TIM14_IRQHandler
                0x0000000008000b08                TIM7_IRQHandler
                0x0000000008000b08                TIM15_IRQHandler
                0x0000000008000b08                EXTI0_1_IRQHandler
                0x0000000008000b08                SPI2_IRQHandler
                0x0000000008000b08                WWDG_IRQHandler
                0x0000000008000b08                TIM2_IRQHandler
                0x0000000008000b08                DMA1_Channel2_3_IRQHandler
                0x0000000008000b08                USART2_IRQHandler
                0x0000000008000b08                FLASH_IRQHandler
                0x0000000008000b08                USART1_IRQHandler
                0x0000000008000b08                TIM1_BRK_UP_TRG_COM_IRQHandler
 *fill*         0x0000000008000b0a        0x2 
 .text.HAL_Init
                0x0000000008000b0c       0x28 Drivers/STM32F0xx_HAL_Driver/Src/stm32f0xx_hal.o
                0x0000000008000b0c                HAL_Init
 .text.HAL_InitTick
                0x0000000008000b34       0x68 Drivers/STM32F0xx_HAL_Driver/Src/stm32f0xx_hal.o
                0x0000000008000b34                HAL_InitTick
 .text.HAL_IncTick
                0x0000000008000b9c       0x24 Drivers/STM32F0xx_HAL_Driver/Src/stm32f0xx_hal.o
                0x0000000008000b9c                HAL_IncTick
 .text.HAL_GetTick
                0x0000000008000bc0       0x14 Drivers/STM32F0xx_HAL_Driver/Src/stm32f0xx_hal.o
                0x0000000008000bc0                HAL_GetTick
 .text.HAL_Delay
                0x0000000008000bd4       0x44 Drivers/STM32F0xx_HAL_Driver/Src/stm32f0xx_hal.o
                0x0000000008000bd4                HAL_Delay
 .text.__NVIC_SetPriority
                0x0000000008000c18       0xdc Drivers/STM32F0xx_HAL_Driver/Src/stm32f0xx_hal_cortex.o
 .text.SysTick_Config
                0x0000000008000cf4       0x48 Drivers/STM32F0xx_HAL_Driver/Src/stm32f0xx_hal_cortex.o
 .text.HAL_NVIC_SetPriority
                0x0000000008000d3c       0x2a Drivers/STM32F0xx_HAL_Driver/Src/stm32f0xx_hal_cortex.o
                0x0000000008000d3c                HAL_NVIC_SetPriority
 .text.HAL_SYSTICK_Config
                0x0000000008000d66       0x1a Drivers/STM32F0xx_HAL_Driver/Src/stm32f0xx_hal_cortex.o
                0x0000000008000d66                HAL_SYSTICK_Config
 .text.HAL_GPIO_Init
                0x0000000008000d80      0x2f0 Drivers/STM32F0xx_HAL_Driver/Src/stm32f0xx_hal_gpio.o
                0x0000000008000d80                HAL_GPIO_Init
 .text.HAL_GPIO_WritePin
                0x0000000008001070       0x3a Drivers/STM32F0xx_HAL_Driver/Src/stm32f0xx_hal_gpio.o
                0x0000000008001070                HAL_GPIO_WritePin
 *fill*         0x00000000080010aa        0x2 
 .text.HAL_RCC_OscConfig
                0x00000000080010ac      0x70c Drivers/STM32F0xx_HAL_Driver/Src/stm32f0xx_hal_rcc.o
                0x00000000080010ac                HAL_RCC_OscConfig
 .text.HAL_RCC_ClockConfig
                0x00000000080017b8      0x1b4 Drivers/STM32F0xx_HAL_Driver/Src/stm32f0xx_hal_rcc.o
                0x00000000080017b8                HAL_RCC_ClockConfig
 .text.HAL_RCC_GetSysClockFreq
                0x000000000800196c      0x100 Drivers/STM32F0xx_HAL_Driver/Src/stm32f0xx_hal_rcc.o
                0x000000000800196c                HAL_RCC_GetSysClockFreq
 .text.HAL_RCCEx_PeriphCLKConfig
                0x0000000008001a6c      0x200 Drivers/STM32F0xx_HAL_Driver/Src/stm32f0xx_hal_rcc_ex.o
                0x0000000008001a6c                HAL_RCCEx_PeriphCLKConfig
 .text.HAL_TIM_Base_Init
                0x0000000008001c6c       0xa0 Drivers/STM32F0xx_HAL_Driver/Src/stm32f0xx_hal_tim.o
                0x0000000008001c6c                HAL_TIM_Base_Init
 .text.HAL_TIM_Base_Start
                0x0000000008001d0c       0x94 Drivers/STM32F0xx_HAL_Driver/Src/stm32f0xx_hal_tim.o
                0x0000000008001d0c                HAL_TIM_Base_Start
 .text.HAL_TIM_ConfigClockSource
                0x0000000008001da0      0x194 Drivers/STM32F0xx_HAL_Driver/Src/stm32f0xx_hal_tim.o
                0x0000000008001da0                HAL_TIM_ConfigClockSource
 .text.TIM_Base_SetConfig
                0x0000000008001f34      0x100 Drivers/STM32F0xx_HAL_Driver/Src/stm32f0xx_hal_tim.o
                0x0000000008001f34                TIM_Base_SetConfig
 .text.TIM_TI1_ConfigInputStage
                0x0000000008002034       0x5c Drivers/STM32F0xx_HAL_Driver/Src/stm32f0xx_hal_tim.o
 .text.TIM_TI2_ConfigInputStage
                0x0000000008002090       0x64 Drivers/STM32F0xx_HAL_Driver/Src/stm32f0xx_hal_tim.o
 .text.TIM_ITRx_SetConfig
                0x00000000080020f4       0x32 Drivers/STM32F0xx_HAL_Driver/Src/stm32f0xx_hal_tim.o
 *fill*         0x0000000008002126        0x2 
 .text.TIM_ETR_SetConfig
                0x0000000008002128       0x40 Drivers/STM32F0xx_HAL_Driver/Src/stm32f0xx_hal_tim.o
                0x0000000008002128                TIM_ETR_SetConfig
 .text.HAL_TIMEx_MasterConfigSynchronization
                0x0000000008002168       0xbc Drivers/STM32F0xx_HAL_Driver/Src/stm32f0xx_hal_tim_ex.o
                0x0000000008002168                HAL_TIMEx_MasterConfigSynchronization
 .text.__libc_init_array
                0x0000000008002224       0x48 c:/st/stm32cubeide_1.5.0/stm32cubeide/plugins/com.st.stm32cube.ide.mcu.externaltools.gnu-tools-for-stm32.7-2018-q2-update.win32_1.5.0.202011040924/tools/bin/../lib/gcc/arm-none-eabi/7.3.1/../../../../arm-none-eabi/lib/thumb/v6-m\libc_nano.a(lib_a-init.o)
                0x0000000008002224                __libc_init_array
 .text.memcpy   0x000000000800226c       0x12 c:/st/stm32cubeide_1.5.0/stm32cubeide/plugins/com.st.stm32cube.ide.mcu.externaltools.gnu-tools-for-stm32.7-2018-q2-update.win32_1.5.0.202011040924/tools/bin/../lib/gcc/arm-none-eabi/7.3.1/../../../../arm-none-eabi/lib/thumb/v6-m\libc_nano.a(lib_a-memcpy-stub.o)
                0x000000000800226c                memcpy
 .text.memset   0x000000000800227e       0x10 c:/st/stm32cubeide_1.5.0/stm32cubeide/plugins/com.st.stm32cube.ide.mcu.externaltools.gnu-tools-for-stm32.7-2018-q2-update.win32_1.5.0.202011040924/tools/bin/../lib/gcc/arm-none-eabi/7.3.1/../../../../arm-none-eabi/lib/thumb/v6-m\libc_nano.a(lib_a-memset.o)
                0x000000000800227e                memset
 *(.glue_7)
 .glue_7        0x000000000800228e        0x0 linker stubs
 *(.glue_7t)
 .glue_7t       0x000000000800228e        0x0 linker stubs
 *(.eh_frame)
 *fill*         0x000000000800228e        0x2 
 .eh_frame      0x0000000008002290        0x0 c:/st/stm32cubeide_1.5.0/stm32cubeide/plugins/com.st.stm32cube.ide.mcu.externaltools.gnu-tools-for-stm32.7-2018-q2-update.win32_1.5.0.202011040924/tools/bin/../lib/gcc/arm-none-eabi/7.3.1/thumb/v6-m/crtbegin.o
 *(.init)
 .init          0x0000000008002290        0x4 c:/st/stm32cubeide_1.5.0/stm32cubeide/plugins/com.st.stm32cube.ide.mcu.externaltools.gnu-tools-for-stm32.7-2018-q2-update.win32_1.5.0.202011040924/tools/bin/../lib/gcc/arm-none-eabi/7.3.1/thumb/v6-m/crti.o
                0x0000000008002290                _init
 .init          0x0000000008002294        0x8 c:/st/stm32cubeide_1.5.0/stm32cubeide/plugins/com.st.stm32cube.ide.mcu.externaltools.gnu-tools-for-stm32.7-2018-q2-update.win32_1.5.0.202011040924/tools/bin/../lib/gcc/arm-none-eabi/7.3.1/thumb/v6-m/crtn.o
 *(.fini)
 .fini          0x000000000800229c        0x4 c:/st/stm32cubeide_1.5.0/stm32cubeide/plugins/com.st.stm32cube.ide.mcu.externaltools.gnu-tools-for-stm32.7-2018-q2-update.win32_1.5.0.202011040924/tools/bin/../lib/gcc/arm-none-eabi/7.3.1/thumb/v6-m/crti.o
                0x000000000800229c                _fini
 .fini          0x00000000080022a0        0x8 c:/st/stm32cubeide_1.5.0/stm32cubeide/plugins/com.st.stm32cube.ide.mcu.externaltools.gnu-tools-for-stm32.7-2018-q2-update.win32_1.5.0.202011040924/tools/bin/../lib/gcc/arm-none-eabi/7.3.1/thumb/v6-m/crtn.o
                0x00000000080022a8                . = ALIGN (0x4)
                0x00000000080022a8                _etext = .

.vfp11_veneer   0x00000000080022a8        0x0
 .vfp11_veneer  0x00000000080022a8        0x0 linker stubs

.v4_bx          0x00000000080022a8        0x0
 .v4_bx         0x00000000080022a8        0x0 linker stubs

.iplt           0x00000000080022a8        0x0
 .iplt          0x00000000080022a8        0x0 c:/st/stm32cubeide_1.5.0/stm32cubeide/plugins/com.st.stm32cube.ide.mcu.externaltools.gnu-tools-for-stm32.7-2018-q2-update.win32_1.5.0.202011040924/tools/bin/../lib/gcc/arm-none-eabi/7.3.1/thumb/v6-m/crtbegin.o

.rodata         0x00000000080022a8       0x30
                0x00000000080022a8                . = ALIGN (0x4)
 *(.rodata)
 .rodata        0x00000000080022a8       0x20 Drivers/STM32F0xx_HAL_Driver/Src/stm32f0xx_hal_rcc.o
 *(.rodata*)
 .rodata.AHBPrescTable
                0x00000000080022c8       0x10 Core/Src/system_stm32f0xx.o
                0x00000000080022c8                AHBPrescTable
                0x00000000080022d8                . = ALIGN (0x4)

.rel.dyn        0x00000000080022d8        0x0
 .rel.iplt      0x00000000080022d8        0x0 c:/st/stm32cubeide_1.5.0/stm32cubeide/plugins/com.st.stm32cube.ide.mcu.externaltools.gnu-tools-for-stm32.7-2018-q2-update.win32_1.5.0.202011040924/tools/bin/../lib/gcc/arm-none-eabi/7.3.1/thumb/v6-m/crtbegin.o

.ARM.extab      0x00000000080022d8        0x0
                0x00000000080022d8                . = ALIGN (0x4)
 *(.ARM.extab* .gnu.linkonce.armextab.*)
                0x00000000080022d8                . = ALIGN (0x4)

.ARM            0x00000000080022d8        0x0
                0x00000000080022d8                . = ALIGN (0x4)
                0x00000000080022d8                __exidx_start = .
 *(.ARM.exidx*)
                0x00000000080022d8                __exidx_end = .
                0x00000000080022d8                . = ALIGN (0x4)

.preinit_array  0x00000000080022d8        0x0
                0x00000000080022d8                . = ALIGN (0x4)
                0x00000000080022d8                PROVIDE (__preinit_array_start = .)
 *(.preinit_array*)
                0x00000000080022d8                PROVIDE (__preinit_array_end = .)
                0x00000000080022d8                . = ALIGN (0x4)

.init_array     0x00000000080022d8        0x4
                0x00000000080022d8                . = ALIGN (0x4)
                0x00000000080022d8                PROVIDE (__init_array_start = .)
 *(SORT_BY_NAME(.init_array.*))
 *(.init_array*)
 .init_array    0x00000000080022d8        0x4 c:/st/stm32cubeide_1.5.0/stm32cubeide/plugins/com.st.stm32cube.ide.mcu.externaltools.gnu-tools-for-stm32.7-2018-q2-update.win32_1.5.0.202011040924/tools/bin/../lib/gcc/arm-none-eabi/7.3.1/thumb/v6-m/crtbegin.o
                0x00000000080022dc                PROVIDE (__init_array_end = .)
                0x00000000080022dc                . = ALIGN (0x4)

.fini_array     0x00000000080022dc        0x4
                0x00000000080022dc                . = ALIGN (0x4)
                [!provide]                        PROVIDE (__fini_array_start = .)
 *(SORT_BY_NAME(.fini_array.*))
 *(.fini_array*)
 .fini_array    0x00000000080022dc        0x4 c:/st/stm32cubeide_1.5.0/stm32cubeide/plugins/com.st.stm32cube.ide.mcu.externaltools.gnu-tools-for-stm32.7-2018-q2-update.win32_1.5.0.202011040924/tools/bin/../lib/gcc/arm-none-eabi/7.3.1/thumb/v6-m/crtbegin.o
                [!provide]                        PROVIDE (__fini_array_end = .)
                0x00000000080022e0                . = ALIGN (0x4)
                0x00000000080022e0                _sidata = LOADADDR (.data)

.data           0x0000000020000000        0xc load address 0x00000000080022e0
                0x0000000020000000                . = ALIGN (0x4)
                0x0000000020000000                _sdata = .
 *(.data)
 *(.data*)
 .data.SystemCoreClock
                0x0000000020000000        0x4 Core/Src/system_stm32f0xx.o
                0x0000000020000000                SystemCoreClock
 .data.uwTickPrio
                0x0000000020000004        0x4 Drivers/STM32F0xx_HAL_Driver/Src/stm32f0xx_hal.o
                0x0000000020000004                uwTickPrio
 .data.uwTickFreq
                0x0000000020000008        0x1 Drivers/STM32F0xx_HAL_Driver/Src/stm32f0xx_hal.o
                0x0000000020000008                uwTickFreq
                0x000000002000000c                . = ALIGN (0x4)
 *fill*         0x0000000020000009        0x3 
                0x000000002000000c                _edata = .

.igot.plt       0x000000002000000c        0x0 load address 0x00000000080022ec
 .igot.plt      0x000000002000000c        0x0 c:/st/stm32cubeide_1.5.0/stm32cubeide/plugins/com.st.stm32cube.ide.mcu.externaltools.gnu-tools-for-stm32.7-2018-q2-update.win32_1.5.0.202011040924/tools/bin/../lib/gcc/arm-none-eabi/7.3.1/thumb/v6-m/crtbegin.o
                0x000000002000000c                . = ALIGN (0x4)

.bss            0x000000002000000c       0x88 load address 0x00000000080022ec
                0x000000002000000c                _sbss = .
                0x000000002000000c                __bss_start__ = _sbss
 *(.bss)
 .bss           0x000000002000000c       0x1c c:/st/stm32cubeide_1.5.0/stm32cubeide/plugins/com.st.stm32cube.ide.mcu.externaltools.gnu-tools-for-stm32.7-2018-q2-update.win32_1.5.0.202011040924/tools/bin/../lib/gcc/arm-none-eabi/7.3.1/thumb/v6-m/crtbegin.o
 *(.bss*)
 .bss.heflashbuffer
                0x0000000020000028       0x20 Core/Src/main.o
 *(COMMON)
 COMMON         0x0000000020000048       0x48 Core/Src/main.o
                0x0000000020000048                htim1
 COMMON         0x0000000020000090        0x4 Drivers/STM32F0xx_HAL_Driver/Src/stm32f0xx_hal.o
                0x0000000020000090                uwTick
                0x0000000020000094                . = ALIGN (0x4)
                0x0000000020000094                _ebss = .
                0x0000000020000094                __bss_end__ = _ebss

._user_heap_stack
                0x0000000020000094      0x604 load address 0x00000000080022ec
                0x0000000020000098                . = ALIGN (0x8)
 *fill*         0x0000000020000094        0x4 
                [!provide]                        PROVIDE (end = .)
                [!provide]                        PROVIDE (_end = .)
                0x0000000020000298                . = (. + _Min_Heap_Size)
 *fill*         0x0000000020000098      0x200 
                0x0000000020000698                . = (. + _Min_Stack_Size)
 *fill*         0x0000000020000298      0x400 
                0x0000000020000698                . = ALIGN (0x8)

/DISCARD/
 libc.a(*)
 libm.a(*)
 libgcc.a(*)

.ARM.attributes
                0x0000000000000000       0x28
 *(.ARM.attributes)
 .ARM.attributes
                0x0000000000000000       0x1e c:/st/stm32cubeide_1.5.0/stm32cubeide/plugins/com.st.stm32cube.ide.mcu.externaltools.gnu-tools-for-stm32.7-2018-q2-update.win32_1.5.0.202011040924/tools/bin/../lib/gcc/arm-none-eabi/7.3.1/thumb/v6-m/crti.o
 .ARM.attributes
                0x000000000000001e       0x2c c:/st/stm32cubeide_1.5.0/stm32cubeide/plugins/com.st.stm32cube.ide.mcu.externaltools.gnu-tools-for-stm32.7-2018-q2-update.win32_1.5.0.202011040924/tools/bin/../lib/gcc/arm-none-eabi/7.3.1/thumb/v6-m/crtbegin.o
 .ARM.attributes
                0x000000000000004a       0x31 Core/Src/HEFlash.o
 .ARM.attributes
                0x000000000000007b       0x31 Core/Src/gpio_user.o
 .ARM.attributes
                0x00000000000000ac       0x31 Core/Src/main.o
 .ARM.attributes
                0x00000000000000dd       0x31 Core/Src/spi_software.o
 .ARM.attributes
                0x000000000000010e       0x31 Core/Src/stm32f0xx_hal_msp.o
 .ARM.attributes
                0x000000000000013f       0x31 Core/Src/stm32f0xx_it.o
 .ARM.attributes
                0x0000000000000170       0x31 Core/Src/system_stm32f0xx.o
 .ARM.attributes
                0x00000000000001a1       0x21 Core/Startup/startup_stm32f072c8tx.o
 .ARM.attributes
                0x00000000000001c2       0x31 Drivers/STM32F0xx_HAL_Driver/Src/stm32f0xx_hal.o
 .ARM.attributes
                0x00000000000001f3       0x31 Drivers/STM32F0xx_HAL_Driver/Src/stm32f0xx_hal_cortex.o
 .ARM.attributes
                0x0000000000000224       0x31 Drivers/STM32F0xx_HAL_Driver/Src/stm32f0xx_hal_gpio.o
 .ARM.attributes
                0x0000000000000255       0x31 Drivers/STM32F0xx_HAL_Driver/Src/stm32f0xx_hal_rcc.o
 .ARM.attributes
                0x0000000000000286       0x31 Drivers/STM32F0xx_HAL_Driver/Src/stm32f0xx_hal_rcc_ex.o
 .ARM.attributes
                0x00000000000002b7       0x31 Drivers/STM32F0xx_HAL_Driver/Src/stm32f0xx_hal_tim.o
 .ARM.attributes
                0x00000000000002e8       0x31 Drivers/STM32F0xx_HAL_Driver/Src/stm32f0xx_hal_tim_ex.o
 .ARM.attributes
                0x0000000000000319       0x2c c:/st/stm32cubeide_1.5.0/stm32cubeide/plugins/com.st.stm32cube.ide.mcu.externaltools.gnu-tools-for-stm32.7-2018-q2-update.win32_1.5.0.202011040924/tools/bin/../lib/gcc/arm-none-eabi/7.3.1/../../../../arm-none-eabi/lib/thumb/v6-m\libc_nano.a(lib_a-init.o)
 .ARM.attributes
                0x0000000000000345       0x2c c:/st/stm32cubeide_1.5.0/stm32cubeide/plugins/com.st.stm32cube.ide.mcu.externaltools.gnu-tools-for-stm32.7-2018-q2-update.win32_1.5.0.202011040924/tools/bin/../lib/gcc/arm-none-eabi/7.3.1/../../../../arm-none-eabi/lib/thumb/v6-m\libc_nano.a(lib_a-memcpy-stub.o)
 .ARM.attributes
                0x0000000000000371       0x2c c:/st/stm32cubeide_1.5.0/stm32cubeide/plugins/com.st.stm32cube.ide.mcu.externaltools.gnu-tools-for-stm32.7-2018-q2-update.win32_1.5.0.202011040924/tools/bin/../lib/gcc/arm-none-eabi/7.3.1/../../../../arm-none-eabi/lib/thumb/v6-m\libc_nano.a(lib_a-memset.o)
 .ARM.attributes
                0x000000000000039d       0x1e c:/st/stm32cubeide_1.5.0/stm32cubeide/plugins/com.st.stm32cube.ide.mcu.externaltools.gnu-tools-for-stm32.7-2018-q2-update.win32_1.5.0.202011040924/tools/bin/../lib/gcc/arm-none-eabi/7.3.1/thumb/v6-m\libgcc.a(_udivsi3.o)
 .ARM.attributes
                0x00000000000003bb       0x1e c:/st/stm32cubeide_1.5.0/stm32cubeide/plugins/com.st.stm32cube.ide.mcu.externaltools.gnu-tools-for-stm32.7-2018-q2-update.win32_1.5.0.202011040924/tools/bin/../lib/gcc/arm-none-eabi/7.3.1/thumb/v6-m\libgcc.a(_dvmd_tls.o)
 .ARM.attributes
                0x00000000000003d9       0x1e c:/st/stm32cubeide_1.5.0/stm32cubeide/plugins/com.st.stm32cube.ide.mcu.externaltools.gnu-tools-for-stm32.7-2018-q2-update.win32_1.5.0.202011040924/tools/bin/../lib/gcc/arm-none-eabi/7.3.1/thumb/v6-m/crtn.o
OUTPUT(F072C8T6.elf elf32-littlearm)

.debug_info     0x0000000000000000     0xa829
 .debug_info    0x0000000000000000      0xae9 Core/Src/HEFlash.o
 .debug_info    0x0000000000000ae9      0x2e2 Core/Src/gpio_user.o
 .debug_info    0x0000000000000dcb     0x1677 Core/Src/main.o
 .debug_info    0x0000000000002442     0x11fc Core/Src/spi_software.o
 .debug_info    0x000000000000363e      0x7e6 Core/Src/stm32f0xx_hal_msp.o
 .debug_info    0x0000000000003e24      0x67f Core/Src/stm32f0xx_it.o
 .debug_info    0x00000000000044a3      0x29e Core/Src/system_stm32f0xx.o
 .debug_info    0x0000000000004741       0x22 Core/Startup/startup_stm32f072c8tx.o
 .debug_info    0x0000000000004763      0x6c0 Drivers/STM32F0xx_HAL_Driver/Src/stm32f0xx_hal.o
 .debug_info    0x0000000000004e23      0x78c Drivers/STM32F0xx_HAL_Driver/Src/stm32f0xx_hal_cortex.o
 .debug_info    0x00000000000055af      0x689 Drivers/STM32F0xx_HAL_Driver/Src/stm32f0xx_hal_gpio.o
 .debug_info    0x0000000000005c38      0x82d Drivers/STM32F0xx_HAL_Driver/Src/stm32f0xx_hal_rcc.o
 .debug_info    0x0000000000006465      0x677 Drivers/STM32F0xx_HAL_Driver/Src/stm32f0xx_hal_rcc_ex.o
 .debug_info    0x0000000000006adc     0x2949 Drivers/STM32F0xx_HAL_Driver/Src/stm32f0xx_hal_tim.o
 .debug_info    0x0000000000009425     0x1404 Drivers/STM32F0xx_HAL_Driver/Src/stm32f0xx_hal_tim_ex.o

.debug_abbrev   0x0000000000000000     0x1a36
 .debug_abbrev  0x0000000000000000      0x1c6 Core/Src/HEFlash.o
 .debug_abbrev  0x00000000000001c6      0x152 Core/Src/gpio_user.o
 .debug_abbrev  0x0000000000000318      0x2af Core/Src/main.o
 .debug_abbrev  0x00000000000005c7      0x239 Core/Src/spi_software.o
 .debug_abbrev  0x0000000000000800      0x18e Core/Src/stm32f0xx_hal_msp.o
 .debug_abbrev  0x000000000000098e      0x155 Core/Src/stm32f0xx_it.o
 .debug_abbrev  0x0000000000000ae3      0x12b Core/Src/system_stm32f0xx.o
 .debug_abbrev  0x0000000000000c0e       0x12 Core/Startup/startup_stm32f072c8tx.o
 .debug_abbrev  0x0000000000000c20      0x1c7 Drivers/STM32F0xx_HAL_Driver/Src/stm32f0xx_hal.o
 .debug_abbrev  0x0000000000000de7      0x273 Drivers/STM32F0xx_HAL_Driver/Src/stm32f0xx_hal_cortex.o
 .debug_abbrev  0x000000000000105a      0x1c0 Drivers/STM32F0xx_HAL_Driver/Src/stm32f0xx_hal_gpio.o
 .debug_abbrev  0x000000000000121a      0x20f Drivers/STM32F0xx_HAL_Driver/Src/stm32f0xx_hal_rcc.o
 .debug_abbrev  0x0000000000001429      0x1a7 Drivers/STM32F0xx_HAL_Driver/Src/stm32f0xx_hal_rcc_ex.o
 .debug_abbrev  0x00000000000015d0      0x230 Drivers/STM32F0xx_HAL_Driver/Src/stm32f0xx_hal_tim.o
 .debug_abbrev  0x0000000000001800      0x236 Drivers/STM32F0xx_HAL_Driver/Src/stm32f0xx_hal_tim_ex.o

.debug_aranges  0x0000000000000000      0xaa8
 .debug_aranges
                0x0000000000000000       0x28 Core/Src/HEFlash.o
 .debug_aranges
                0x0000000000000028       0x28 Core/Src/gpio_user.o
 .debug_aranges
                0x0000000000000050       0xe8 Core/Src/main.o
 .debug_aranges
                0x0000000000000138       0x90 Core/Src/spi_software.o
 .debug_aranges
                0x00000000000001c8       0x30 Core/Src/stm32f0xx_hal_msp.o
 .debug_aranges
                0x00000000000001f8       0x48 Core/Src/stm32f0xx_it.o
 .debug_aranges
                0x0000000000000240       0x28 Core/Src/system_stm32f0xx.o
 .debug_aranges
                0x0000000000000268       0x28 Core/Startup/startup_stm32f072c8tx.o
 .debug_aranges
                0x0000000000000290       0xd0 Drivers/STM32F0xx_HAL_Driver/Src/stm32f0xx_hal.o
 .debug_aranges
                0x0000000000000360       0xc0 Drivers/STM32F0xx_HAL_Driver/Src/stm32f0xx_hal_cortex.o
 .debug_aranges
                0x0000000000000420       0x58 Drivers/STM32F0xx_HAL_Driver/Src/stm32f0xx_hal_gpio.o
 .debug_aranges
                0x0000000000000478       0x80 Drivers/STM32F0xx_HAL_Driver/Src/stm32f0xx_hal_rcc.o
 .debug_aranges
                0x00000000000004f8       0x78 Drivers/STM32F0xx_HAL_Driver/Src/stm32f0xx_hal_rcc_ex.o
 .debug_aranges
                0x0000000000000570      0x3d0 Drivers/STM32F0xx_HAL_Driver/Src/stm32f0xx_hal_tim.o
 .debug_aranges
                0x0000000000000940      0x168 Drivers/STM32F0xx_HAL_Driver/Src/stm32f0xx_hal_tim_ex.o

.debug_ranges   0x0000000000000000      0x9c0
 .debug_ranges  0x0000000000000000       0x18 Core/Src/HEFlash.o
 .debug_ranges  0x0000000000000018       0x18 Core/Src/gpio_user.o
 .debug_ranges  0x0000000000000030       0xd8 Core/Src/main.o
 .debug_ranges  0x0000000000000108       0x80 Core/Src/spi_software.o
 .debug_ranges  0x0000000000000188       0x20 Core/Src/stm32f0xx_hal_msp.o
 .debug_ranges  0x00000000000001a8       0x38 Core/Src/stm32f0xx_it.o
 .debug_ranges  0x00000000000001e0       0x18 Core/Src/system_stm32f0xx.o
 .debug_ranges  0x00000000000001f8       0x20 Core/Startup/startup_stm32f072c8tx.o
 .debug_ranges  0x0000000000000218       0xc0 Drivers/STM32F0xx_HAL_Driver/Src/stm32f0xx_hal.o
 .debug_ranges  0x00000000000002d8       0xb0 Drivers/STM32F0xx_HAL_Driver/Src/stm32f0xx_hal_cortex.o
 .debug_ranges  0x0000000000000388       0x48 Drivers/STM32F0xx_HAL_Driver/Src/stm32f0xx_hal_gpio.o
 .debug_ranges  0x00000000000003d0       0x70 Drivers/STM32F0xx_HAL_Driver/Src/stm32f0xx_hal_rcc.o
 .debug_ranges  0x0000000000000440       0x68 Drivers/STM32F0xx_HAL_Driver/Src/stm32f0xx_hal_rcc_ex.o
 .debug_ranges  0x00000000000004a8      0x3c0 Drivers/STM32F0xx_HAL_Driver/Src/stm32f0xx_hal_tim.o
 .debug_ranges  0x0000000000000868      0x158 Drivers/STM32F0xx_HAL_Driver/Src/stm32f0xx_hal_tim_ex.o

.debug_macro    0x0000000000000000    0x1a6fa
 .debug_macro   0x0000000000000000      0x2ac Core/Src/HEFlash.o
 .debug_macro   0x00000000000002ac      0xa48 Core/Src/HEFlash.o
 .debug_macro   0x0000000000000cf4      0x133 Core/Src/HEFlash.o
 .debug_macro   0x0000000000000e27       0x2e Core/Src/HEFlash.o
 .debug_macro   0x0000000000000e55       0x22 Core/Src/HEFlash.o
 .debug_macro   0x0000000000000e77       0x22 Core/Src/HEFlash.o
 .debug_macro   0x0000000000000e99       0x8e Core/Src/HEFlash.o
 .debug_macro   0x0000000000000f27       0x51 Core/Src/HEFlash.o
 .debug_macro   0x0000000000000f78       0xef Core/Src/HEFlash.o
 .debug_macro   0x0000000000001067       0x6a Core/Src/HEFlash.o
 .debug_macro   0x00000000000010d1      0x1df Core/Src/HEFlash.o
 .debug_macro   0x00000000000012b0       0x1c Core/Src/HEFlash.o
 .debug_macro   0x00000000000012cc       0x22 Core/Src/HEFlash.o
 .debug_macro   0x00000000000012ee       0xb5 Core/Src/HEFlash.o
 .debug_macro   0x00000000000013a3      0x391 Core/Src/HEFlash.o
 .debug_macro   0x0000000000001734     0xfe57 Core/Src/HEFlash.o
 .debug_macro   0x000000000001158b       0x66 Core/Src/HEFlash.o
 .debug_macro   0x00000000000115f1     0x34a6 Core/Src/HEFlash.o
 .debug_macro   0x0000000000014a97      0x174 Core/Src/HEFlash.o
 .debug_macro   0x0000000000014c0b       0x55 Core/Src/HEFlash.o
 .debug_macro   0x0000000000014c60      0x946 Core/Src/HEFlash.o
 .debug_macro   0x00000000000155a6      0x5f3 Core/Src/HEFlash.o
 .debug_macro   0x0000000000015b99      0x1af Core/Src/HEFlash.o
 .debug_macro   0x0000000000015d48      0x1a7 Core/Src/HEFlash.o
 .debug_macro   0x0000000000015eef      0x1a7 Core/Src/HEFlash.o
 .debug_macro   0x0000000000016096      0x22c Core/Src/HEFlash.o
 .debug_macro   0x00000000000162c2       0x34 Core/Src/HEFlash.o
 .debug_macro   0x00000000000162f6       0x43 Core/Src/HEFlash.o
 .debug_macro   0x0000000000016339       0x28 Core/Src/HEFlash.o
 .debug_macro   0x0000000000016361       0xb0 Core/Src/HEFlash.o
 .debug_macro   0x0000000000016411      0x217 Core/Src/HEFlash.o
 .debug_macro   0x0000000000016628      0x22c Core/Src/HEFlash.o
 .debug_macro   0x0000000000016854       0x61 Core/Src/HEFlash.o
 .debug_macro   0x00000000000168b5       0xa5 Core/Src/HEFlash.o
 .debug_macro   0x000000000001695a       0x65 Core/Src/HEFlash.o
 .debug_macro   0x00000000000169bf      0x234 Core/Src/HEFlash.o
 .debug_macro   0x0000000000016bf3       0x4c Core/Src/HEFlash.o
 .debug_macro   0x0000000000016c3f      0x16d Core/Src/HEFlash.o
 .debug_macro   0x0000000000016dac      0x8d8 Core/Src/HEFlash.o
 .debug_macro   0x0000000000017684       0x28 Core/Src/HEFlash.o
 .debug_macro   0x00000000000176ac      0x130 Core/Src/HEFlash.o
 .debug_macro   0x00000000000177dc       0x94 Core/Src/HEFlash.o
 .debug_macro   0x0000000000017870       0x46 Core/Src/HEFlash.o
 .debug_macro   0x00000000000178b6       0x18 Core/Src/HEFlash.o
 .debug_macro   0x00000000000178ce       0x3c Core/Src/HEFlash.o
 .debug_macro   0x000000000001790a       0x34 Core/Src/HEFlash.o
 .debug_macro   0x000000000001793e       0x52 Core/Src/HEFlash.o
 .debug_macro   0x0000000000017990       0x1f Core/Src/HEFlash.o
 .debug_macro   0x00000000000179af       0x43 Core/Src/HEFlash.o
 .debug_macro   0x00000000000179f2       0x20 Core/Src/HEFlash.o
 .debug_macro   0x0000000000017a12      0x1a3 Core/Src/HEFlash.o
 .debug_macro   0x0000000000017bb5      0x32a Core/Src/HEFlash.o
 .debug_macro   0x0000000000017edf       0x10 Core/Src/HEFlash.o
 .debug_macro   0x0000000000017eef       0x35 Core/Src/HEFlash.o
 .debug_macro   0x0000000000017f24       0x20 Core/Src/HEFlash.o
 .debug_macro   0x0000000000017f44      0x1ef Core/Src/gpio_user.o
 .debug_macro   0x0000000000018133      0x3fd Core/Src/main.o
 .debug_macro   0x0000000000018530       0x16 Core/Src/main.o
 .debug_macro   0x0000000000018546       0x10 Core/Src/main.o
 .debug_macro   0x0000000000018556       0x10 Core/Src/main.o
 .debug_macro   0x0000000000018566       0x1c Core/Src/main.o
 .debug_macro   0x0000000000018582       0x52 Core/Src/main.o
 .debug_macro   0x00000000000185d4       0x40 Core/Src/main.o
 .debug_macro   0x0000000000018614       0x10 Core/Src/main.o
 .debug_macro   0x0000000000018624       0x40 Core/Src/main.o
 .debug_macro   0x0000000000018664       0xd7 Core/Src/main.o
 .debug_macro   0x000000000001873b       0x1c Core/Src/main.o
 .debug_macro   0x0000000000018757       0x3d Core/Src/main.o
 .debug_macro   0x0000000000018794       0x16 Core/Src/main.o
 .debug_macro   0x00000000000187aa      0x145 Core/Src/main.o
 .debug_macro   0x00000000000188ef       0x16 Core/Src/main.o
 .debug_macro   0x0000000000018905       0x16 Core/Src/main.o
 .debug_macro   0x000000000001891b       0x29 Core/Src/main.o
 .debug_macro   0x0000000000018944       0x16 Core/Src/main.o
 .debug_macro   0x000000000001895a       0x5f Core/Src/main.o
 .debug_macro   0x00000000000189b9      0x1c8 Core/Src/main.o
 .debug_macro   0x0000000000018b81       0x22 Core/Src/main.o
 .debug_macro   0x0000000000018ba3       0x1c Core/Src/main.o
 .debug_macro   0x0000000000018bbf      0x2c6 Core/Src/spi_software.o
 .debug_macro   0x0000000000018e85      0x10e Core/Src/spi_software.o
 .debug_macro   0x0000000000018f93       0x8d Core/Src/spi_software.o
 .debug_macro   0x0000000000019020      0x330 Core/Src/spi_software.o
 .debug_macro   0x0000000000019350       0xaf Core/Src/spi_software.o
 .debug_macro   0x00000000000193ff       0x4f Core/Src/spi_software.o
 .debug_macro   0x000000000001944e      0x1e1 Core/Src/stm32f0xx_hal_msp.o
 .debug_macro   0x000000000001962f      0x1eb Core/Src/stm32f0xx_it.o
 .debug_macro   0x000000000001981a      0x1d2 Core/Src/system_stm32f0xx.o
 .debug_macro   0x00000000000199ec      0x1f6 Drivers/STM32F0xx_HAL_Driver/Src/stm32f0xx_hal.o
 .debug_macro   0x0000000000019be2      0x1d2 Drivers/STM32F0xx_HAL_Driver/Src/stm32f0xx_hal_cortex.o
 .debug_macro   0x0000000000019db4      0x1d9 Drivers/STM32F0xx_HAL_Driver/Src/stm32f0xx_hal_gpio.o
 .debug_macro   0x0000000000019f8d      0x1e4 Drivers/STM32F0xx_HAL_Driver/Src/stm32f0xx_hal_rcc.o
 .debug_macro   0x000000000001a171      0x1e4 Drivers/STM32F0xx_HAL_Driver/Src/stm32f0xx_hal_rcc_ex.o
 .debug_macro   0x000000000001a355      0x1d3 Drivers/STM32F0xx_HAL_Driver/Src/stm32f0xx_hal_tim.o
 .debug_macro   0x000000000001a528      0x1d2 Drivers/STM32F0xx_HAL_Driver/Src/stm32f0xx_hal_tim_ex.o

.debug_line     0x0000000000000000     0x9d32
 .debug_line    0x0000000000000000      0x89a Core/Src/HEFlash.o
 .debug_line    0x000000000000089a      0x70e Core/Src/gpio_user.o
 .debug_line    0x0000000000000fa8      0xcae Core/Src/main.o
 .debug_line    0x0000000000001c56      0x9d4 Core/Src/spi_software.o
 .debug_line    0x000000000000262a      0x717 Core/Src/stm32f0xx_hal_msp.o
 .debug_line    0x0000000000002d41      0x756 Core/Src/stm32f0xx_it.o
 .debug_line    0x0000000000003497      0x714 Core/Src/system_stm32f0xx.o
 .debug_line    0x0000000000003bab       0x89 Core/Startup/startup_stm32f072c8tx.o
 .debug_line    0x0000000000003c34      0x8a7 Drivers/STM32F0xx_HAL_Driver/Src/stm32f0xx_hal.o
 .debug_line    0x00000000000044db      0x8bf Drivers/STM32F0xx_HAL_Driver/Src/stm32f0xx_hal_cortex.o
 .debug_line    0x0000000000004d9a      0x871 Drivers/STM32F0xx_HAL_Driver/Src/stm32f0xx_hal_gpio.o
 .debug_line    0x000000000000560b      0x993 Drivers/STM32F0xx_HAL_Driver/Src/stm32f0xx_hal_rcc.o
 .debug_line    0x0000000000005f9e      0x93f Drivers/STM32F0xx_HAL_Driver/Src/stm32f0xx_hal_rcc_ex.o
 .debug_line    0x00000000000068dd     0x2286 Drivers/STM32F0xx_HAL_Driver/Src/stm32f0xx_hal_tim.o
 .debug_line    0x0000000000008b63     0x11cf Drivers/STM32F0xx_HAL_Driver/Src/stm32f0xx_hal_tim_ex.o

.debug_str      0x0000000000000000    0x97c2c
 .debug_str     0x0000000000000000    0x92f58 Core/Src/HEFlash.o
                                      0x93274 (size before relaxing)
 .debug_str     0x0000000000092f58       0xca Core/Src/gpio_user.o
                                      0x902cd (size before relaxing)
 .debug_str     0x0000000000093022     0x266e Core/Src/main.o
                                      0x95954 (size before relaxing)
 .debug_str     0x0000000000095690      0x15d Core/Src/spi_software.o
                                      0x938d4 (size before relaxing)
 .debug_str     0x00000000000957ed       0x62 Core/Src/stm32f0xx_hal_msp.o
                                      0x90765 (size before relaxing)
 .debug_str     0x000000000009584f      0x3ce Core/Src/stm32f0xx_it.o
                                      0x90628 (size before relaxing)
 .debug_str     0x0000000000095c1d       0x5f Core/Src/system_stm32f0xx.o
                                      0x9008b (size before relaxing)
 .debug_str     0x0000000000095c7c       0x36 Core/Startup/startup_stm32f072c8tx.o
                                         0x81 (size before relaxing)
 .debug_str     0x0000000000095cb2      0x467 Drivers/STM32F0xx_HAL_Driver/Src/stm32f0xx_hal.o
                                      0x905f9 (size before relaxing)
 .debug_str     0x0000000000096119      0x1d2 Drivers/STM32F0xx_HAL_Driver/Src/stm32f0xx_hal_cortex.o
                                      0x904ad (size before relaxing)
 .debug_str     0x00000000000962eb      0x156 Drivers/STM32F0xx_HAL_Driver/Src/stm32f0xx_hal_gpio.o
                                      0x9026a (size before relaxing)
 .debug_str     0x0000000000096441      0x235 Drivers/STM32F0xx_HAL_Driver/Src/stm32f0xx_hal_rcc.o
                                      0x904a0 (size before relaxing)
 .debug_str     0x0000000000096676      0x2e3 Drivers/STM32F0xx_HAL_Driver/Src/stm32f0xx_hal_rcc_ex.o
                                      0x9047d (size before relaxing)
 .debug_str     0x0000000000096959      0xde5 Drivers/STM32F0xx_HAL_Driver/Src/stm32f0xx_hal_tim.o
                                      0x91446 (size before relaxing)
 .debug_str     0x000000000009773e      0x4ee Drivers/STM32F0xx_HAL_Driver/Src/stm32f0xx_hal_tim_ex.o
                                      0x90bf7 (size before relaxing)

.comment        0x0000000000000000       0x7b
 .comment       0x0000000000000000       0x7b Core/Src/HEFlash.o
                                         0x7c (size before relaxing)
 .comment       0x000000000000007b       0x7c Core/Src/gpio_user.o
 .comment       0x000000000000007b       0x7c Core/Src/main.o
 .comment       0x000000000000007b       0x7c Core/Src/spi_software.o
 .comment       0x000000000000007b       0x7c Core/Src/stm32f0xx_hal_msp.o
 .comment       0x000000000000007b       0x7c Core/Src/stm32f0xx_it.o
 .comment       0x000000000000007b       0x7c Core/Src/system_stm32f0xx.o
 .comment       0x000000000000007b       0x7c Drivers/STM32F0xx_HAL_Driver/Src/stm32f0xx_hal.o
 .comment       0x000000000000007b       0x7c Drivers/STM32F0xx_HAL_Driver/Src/stm32f0xx_hal_cortex.o
 .comment       0x000000000000007b       0x7c Drivers/STM32F0xx_HAL_Driver/Src/stm32f0xx_hal_gpio.o
 .comment       0x000000000000007b       0x7c Drivers/STM32F0xx_HAL_Driver/Src/stm32f0xx_hal_rcc.o
 .comment       0x000000000000007b       0x7c Drivers/STM32F0xx_HAL_Driver/Src/stm32f0xx_hal_rcc_ex.o
 .comment       0x000000000000007b       0x7c Drivers/STM32F0xx_HAL_Driver/Src/stm32f0xx_hal_tim.o
 .comment       0x000000000000007b       0x7c Drivers/STM32F0xx_HAL_Driver/Src/stm32f0xx_hal_tim_ex.o

.debug_frame    0x0000000000000000     0x2550
 .debug_frame   0x0000000000000000       0x54 Core/Src/HEFlash.o
 .debug_frame   0x0000000000000054       0x50 Core/Src/gpio_user.o
 .debug_frame   0x00000000000000a4      0x314 Core/Src/main.o
 .debug_frame   0x00000000000003b8      0x1dc Core/Src/spi_software.o
 .debug_frame   0x0000000000000594       0x70 Core/Src/stm32f0xx_hal_msp.o
 .debug_frame   0x0000000000000604       0xb8 Core/Src/stm32f0xx_it.o
 .debug_frame   0x00000000000006bc       0x4c Core/Src/system_stm32f0xx.o
 .debug_frame   0x0000000000000708      0x2a4 Drivers/STM32F0xx_HAL_Driver/Src/stm32f0xx_hal.o
 .debug_frame   0x00000000000009ac      0x2a0 Drivers/STM32F0xx_HAL_Driver/Src/stm32f0xx_hal_cortex.o
 .debug_frame   0x0000000000000c4c      0x110 Drivers/STM32F0xx_HAL_Driver/Src/stm32f0xx_hal_gpio.o
 .debug_frame   0x0000000000000d5c      0x198 Drivers/STM32F0xx_HAL_Driver/Src/stm32f0xx_hal_rcc.o
 .debug_frame   0x0000000000000ef4      0x180 Drivers/STM32F0xx_HAL_Driver/Src/stm32f0xx_hal_rcc_ex.o
 .debug_frame   0x0000000000001074      0xef8 Drivers/STM32F0xx_HAL_Driver/Src/stm32f0xx_hal_tim.o
 .debug_frame   0x0000000000001f6c      0x550 Drivers/STM32F0xx_HAL_Driver/Src/stm32f0xx_hal_tim_ex.o
 .debug_frame   0x00000000000024bc       0x2c c:/st/stm32cubeide_1.5.0/stm32cubeide/plugins/com.st.stm32cube.ide.mcu.externaltools.gnu-tools-for-stm32.7-2018-q2-update.win32_1.5.0.202011040924/tools/bin/../lib/gcc/arm-none-eabi/7.3.1/../../../../arm-none-eabi/lib/thumb/v6-m\libc_nano.a(lib_a-init.o)
 .debug_frame   0x00000000000024e8       0x28 c:/st/stm32cubeide_1.5.0/stm32cubeide/plugins/com.st.stm32cube.ide.mcu.externaltools.gnu-tools-for-stm32.7-2018-q2-update.win32_1.5.0.202011040924/tools/bin/../lib/gcc/arm-none-eabi/7.3.1/../../../../arm-none-eabi/lib/thumb/v6-m\libc_nano.a(lib_a-memcpy-stub.o)
 .debug_frame   0x0000000000002510       0x20 c:/st/stm32cubeide_1.5.0/stm32cubeide/plugins/com.st.stm32cube.ide.mcu.externaltools.gnu-tools-for-stm32.7-2018-q2-update.win32_1.5.0.202011040924/tools/bin/../lib/gcc/arm-none-eabi/7.3.1/../../../../arm-none-eabi/lib/thumb/v6-m\libc_nano.a(lib_a-memset.o)
 .debug_frame   0x0000000000002530       0x20 c:/st/stm32cubeide_1.5.0/stm32cubeide/plugins/com.st.stm32cube.ide.mcu.externaltools.gnu-tools-for-stm32.7-2018-q2-update.win32_1.5.0.202011040924/tools/bin/../lib/gcc/arm-none-eabi/7.3.1/thumb/v6-m\libgcc.a(_udivsi3.o)
